configversion:
  apiVersion: 0
datasources:
- orgId: 1
  version: 0
  name: gdev-cloudwatch
  type: cloudwatch
  access: ""
  url: ""
  password: ""
  user: ""
  database: ""
  basicAuth: false
  basicAuthUser: ""
  basicAuthPassword: ""
  withCredentials: false
  isDefault: false
  jsonData:
    authType: credentials
    defaultRegion: eu-west-2
  secureJsonData: {}
  editable: false
- orgId: 1
  version: 0
  name: gdev-elasticsearch-v2-logs
  type: elasticsearch
  access: proxy
  url: http://localhost:9200
  password: ""
  user: ""
  database: '[logs-]YYYY.MM.DD'
  basicAuth: false
  basicAuthUser: ""
  basicAuthPassword: ""
  withCredentials: false
  isDefault: false
  jsonData:
    esVersion: 2
    interval: Daily
    timeField: '@timestamp'
  secureJsonData: {}
  editable: false
- orgId: 1
  version: 0
  name: gdev-elasticsearch-v2-metrics
  type: elasticsearch
  access: proxy
  url: http://localhost:9200
  password: ""
  user: ""
  database: '[metrics-]YYYY.MM.DD'
  basicAuth: false
  basicAuthUser: ""
  basicAuthPassword: ""
  withCredentials: false
  isDefault: false
  jsonData:
    esVersion: 2
    interval: Daily
    timeField: '@timestamp'
  secureJsonData: {}
  editable: false
- orgId: 1
  version: 0
  name: gdev-elasticsearch-v5-logs
  type: elasticsearch
  access: proxy
  url: http://localhost:10200
  password: ""
  user: ""
  database: '[logs-]YYYY.MM.DD'
  basicAuth: false
  basicAuthUser: ""
  basicAuthPassword: ""
  withCredentials: false
  isDefault: false
  jsonData:
    esVersion: 5
    interval: Daily
    timeField: '@timestamp'
  secureJsonData: {}
  editable: false
- orgId: 1
  version: 0
  name: gdev-elasticsearch-v5-metrics
  type: elasticsearch
  access: proxy
  url: http://localhost:10200
  password: ""
  user: ""
  database: '[metrics-]YYYY.MM.DD'
  basicAuth: false
  basicAuthUser: ""
  basicAuthPassword: ""
  withCredentials: false
  isDefault: false
  jsonData:
    esVersion: 5
    interval: Daily
    timeField: '@timestamp'
  secureJsonData: {}
  editable: false
- orgId: 1
  version: 0
  name: gdev-elasticsearch-v6-filebeat
  type: elasticsearch
  access: proxy
  url: http://localhost:11200
  password: ""
  user: ""
  database: '[filebeat-]YYYY.MM.DD'
  basicAuth: false
  basicAuthUser: ""
  basicAuthPassword: ""
  withCredentials: false
  isDefault: false
  jsonData:
    esVersion: 60
    interval: Daily
    timeField: '@timestamp'
  secureJsonData: {}
  editable: false
- orgId: 1
  version: 0
  name: gdev-elasticsearch-v6-logs
  type: elasticsearch
  access: proxy
  url: http://localhost:11200
  password: ""
  user: ""
  database: '[logs-]YYYY.MM.DD'
  basicAuth: false
  basicAuthUser: ""
  basicAuthPassword: ""
  withCredentials: false
  isDefault: false
  jsonData:
    esVersion: 60
    interval: Daily
    timeField: '@timestamp'
  secureJsonData: {}
  editable: false
- orgId: 1
  version: 0
  name: gdev-elasticsearch-v6-metrics
  type: elasticsearch
  access: proxy
  url: http://localhost:11200
  password: ""
  user: ""
  database: '[metrics-]YYYY.MM.DD'
  basicAuth: false
  basicAuthUser: ""
  basicAuthPassword: ""
  withCredentials: false
  isDefault: false
  jsonData:
    esVersion: 60
    interval: Daily
    timeField: '@timestamp'
  secureJsonData: {}
  editable: false
- orgId: 1
  version: 0
  name: gdev-elasticsearch-v7-filebeat
  type: elasticsearch
  access: proxy
  url: http://localhost:12200
  password: ""
  user: ""
  database: '[filebeat-]YYYY.MM.DD'
  basicAuth: false
  basicAuthUser: ""
  basicAuthPassword: ""
  withCredentials: false
  isDefault: false
  jsonData:
    esVersion: 70
    interval: Daily
    logLevelField: fields.level
    logMessageField: message
    timeField: '@timestamp'
    timeInterval: 10s
  secureJsonData: {}
  editable: false
- orgId: 1
  version: 0
  name: gdev-elasticsearch-v7-logs
  type: elasticsearch
  access: proxy
  url: http://localhost:12200
  password: ""
  user: ""
  database: '[logs-]YYYY.MM.DD'
  basicAuth: false
  basicAuthUser: ""
  basicAuthPassword: ""
  withCredentials: false
  isDefault: false
  jsonData:
    esVersion: 70
    interval: Daily
    timeField: '@timestamp'
  secureJsonData: {}
  editable: false
- orgId: 1
  version: 0
  name: gdev-elasticsearch-v7-metricbeat
  type: elasticsearch
  access: proxy
  url: http://localhost:12200
  password: ""
  user: ""
  database: '[metricbeat-]YYYY.MM.DD'
  basicAuth: false
  basicAuthUser: ""
  basicAuthPassword: ""
  withCredentials: false
  isDefault: false
  jsonData:
    esVersion: 70
    interval: Daily
    timeField: '@timestamp'
    timeInterval: 10s
  secureJsonData: {}
  editable: false
- orgId: 1
  version: 0
  name: gdev-elasticsearch-v7-metrics
  type: elasticsearch
  access: proxy
  url: http://localhost:12200
  password: ""
  user: ""
  database: '[metrics-]YYYY.MM.DD'
  basicAuth: false
  basicAuthUser: ""
  basicAuthPassword: ""
  withCredentials: false
  isDefault: false
  jsonData:
    esVersion: 70
    interval: Daily
    timeField: '@timestamp'
    timeInterval: 10s
  secureJsonData: {}
  editable: false
- orgId: 1
  version: 0
  name: gdev-graphite
  type: graphite
  access: proxy
  url: http://localhost:8180
  password: ""
  user: ""
  database: ""
  basicAuth: false
  basicAuthUser: ""
  basicAuthPassword: ""
  withCredentials: false
  isDefault: false
  jsonData:
    graphiteVersion: "1.1"
  secureJsonData: {}
  editable: false
- orgId: 1
  version: 0
  name: gdev-influxdb
  type: influxdb
  access: proxy
  url: http://localhost:8086
  password: ""
  user: grafana
  database: site
  basicAuth: false
  basicAuthUser: ""
  basicAuthPassword: ""
  withCredentials: false
  isDefault: false
  jsonData:
    timeInterval: 15s
  secureJsonData: {}
  editable: false
- orgId: 1
  version: 0
  name: gdev-influxdb-telegraf
  type: influxdb
  access: proxy
  url: http://localhost:8086
  password: ""
  user: grafana
  database: telegraf
  basicAuth: false
  basicAuthUser: ""
  basicAuthPassword: ""
  withCredentials: false
  isDefault: false
  jsonData:
    timeInterval: 10s
  secureJsonData: {}
  editable: false
- orgId: 1
  version: 0
  name: gdev-loki
  type: loki
  access: proxy
  url: http://localhost:3100
  password: ""
  user: ""
  database: ""
  basicAuth: false
  basicAuthUser: ""
  basicAuthPassword: ""
  withCredentials: false
  isDefault: false
  jsonData: {}
  secureJsonData: {}
  editable: false
- orgId: 1
  version: 0
  name: gdev-mssql
  type: mssql
  access: ""
  url: localhost:1433
  password: ""
  user: grafana
  database: grafana
  basicAuth: false
  basicAuthUser: ""
  basicAuthPassword: ""
  withCredentials: false
  isDefault: false
  jsonData: {}
  secureJsonData: {}
  editable: false
- orgId: 1
  version: 0
  name: gdev-mssql-ds-tests
  type: mssql
  access: ""
  url: localhost:1433
  password: ""
  user: grafana
  database: grafanatest
  basicAuth: false
  basicAuthUser: ""
  basicAuthPassword: ""
  withCredentials: false
  isDefault: false
  jsonData: {}
  secureJsonData: {}
  editable: false
- orgId: 1
  version: 0
  name: gdev-mysql
  type: mysql
  access: ""
  url: localhost:3306
  password: ""
  user: grafana
  database: grafana
  basicAuth: false
  basicAuthUser: ""
  basicAuthPassword: ""
  withCredentials: false
  isDefault: false
  jsonData: {}
  secureJsonData: {}
  editable: false
- orgId: 1
  version: 0
  name: gdev-mysql-ds-tests
  type: mysql
  access: ""
  url: localhost:3306
  password: ""
  user: grafana
  database: grafana_ds_tests
  basicAuth: false
  basicAuthUser: ""
  basicAuthPassword: ""
  withCredentials: false
  isDefault: false
  jsonData: {}
  secureJsonData: {}
  editable: false
- orgId: 1
  version: 0
  name: gdev-opentsdb
  type: opentsdb
  access: proxy
  url: http://localhost:4242
  password: ""
  user: ""
  database: ""
  basicAuth: false
  basicAuthUser: ""
  basicAuthPassword: ""
  withCredentials: false
  isDefault: false
  jsonData:
    tsdbResolution: 1
    tsdbVersion: 1
  secureJsonData: {}
  editable: false
- orgId: 1
  version: 0
  name: gdev-postgres
  type: postgres
  access: ""
  url: localhost:5432
  password: ""
  user: grafana
  database: grafana
  basicAuth: false
  basicAuthUser: ""
  basicAuthPassword: ""
  withCredentials: false
  isDefault: false
  jsonData:
    sslmode: disable
  secureJsonData: {}
  editable: false
- orgId: 1
  version: 0
  name: gdev-postgres-ds-tests
  type: postgres
  access: ""
  url: localhost:5432
  password: ""
  user: grafanatest
  database: grafanadstest
  basicAuth: false
  basicAuthUser: ""
  basicAuthPassword: ""
  withCredentials: false
  isDefault: false
  jsonData:
    sslmode: disable
  secureJsonData: {}
  editable: false
- orgId: 1
  version: 0
  name: gdev-prometheus
  type: prometheus
  access: proxy
  url: http://localhost:9090
  password: ""
  user: ""
  database: ""
  basicAuth: false
  basicAuthUser: ""
  basicAuthPassword: ""
  withCredentials: false
  isDefault: false
  jsonData: {}
  secureJsonData: {}
  editable: false
- orgId: 1
  version: 0
  name: gdev-slow-prometheus
  type: prometheus
  access: proxy
  url: http://localhost:3011
  password: ""
  user: ""
  database: ""
  basicAuth: false
  basicAuthUser: ""
  basicAuthPassword: ""
  withCredentials: false
  isDefault: false
  jsonData: {}
  secureJsonData: {}
  editable: false
- orgId: 1
  version: 0
  name: gdev-testdata
  type: testdata
  access: ""
  url: ""
  password: ""
  user: ""
  database: ""
  basicAuth: false
  basicAuthUser: ""
  basicAuthPassword: ""
  withCredentials: false
  isDefault: true
  jsonData: {}
  secureJsonData: {}
  editable: false
deleteDatasources: []

