{
  "access": "proxy",
  "basicAuth": false,
  "basicAuthPassword": "",
  "basicAuthUser": "",
  "database": "telegraf",
  "id": 1,
  "isDefault": false,
  "jsonData": {
    "timeInterval": "10s"
  },
  "name": "gdev-influxdb-telegraf",
  "orgId": 1,
  "password": "",
  "readOnly": true,
  "secureJsonFields": {
    "password": true
  },
  "type": "influxdb",
  "typeLogoUrl": "public/app/plugins/datasource/influxdb/img/influxdb_logo.svg",
  "url": "http://localhost:8086",
  "user": "grafana",
  "version": 1,
  "withCredentials": false
}
